<html>
<body>
<pre>
<h1>µVision Build Log</h1>
<h2>Tool Versions:</h2>
IDE-Version: ¦ÌVision V5.43.1.0
Copyright (C) 2025 ARM Ltd and ARM Germany GmbH. All rights reserved.
License Information: SHUANG XING, YGUYFU, LIC=NQQMA-1MIRR-9UT4U-SECGQ-W4ZU5-DSSTJ
 
Tool Versions:
Toolchain:       MDK-ARM Plus  Version: 5.43.0.0
Toolchain Path:  D:\keil5\ARM\ARMCC\Bin
C Compiler:      Armcc.exe V5.06 update 5 (build 528)
Assembler:       Armasm.exe V5.06 update 5 (build 528)
Linker/Locator:  ArmLink.exe V5.06 update 5 (build 528)
Library Manager: ArmAr.exe V5.06 update 5 (build 528)
Hex Converter:   FromElf.exe V5.06 update 5 (build 528)
CPU DLL:         SARMCM3.DLL V5.43.0.0
Dialog DLL:      DCM.DLL V1.17.5.0
Target DLL:      STLink\ST-LINKIII-KEIL_SWO.dll V3.3.1.0
Dialog DLL:      TCM.DLL V1.56.6.0
 
<h2>Project:</h2>
D:\stmf132\lanyaxc\MDK-ARM\lanyaxc.uvprojx
Project File Date:  06/17/2026

<h2>Output:</h2>
*** Using Compiler 'V5.06 update 5 (build 528)', folder: 'D:\keil5\ARM\ARMCC\Bin'
Rebuild target 'lanyaxc'
assembling startup_stm32f103xb.s...
compiling main.c...
../Core/Src/main.c(43): warning:  #550-D: variable "current_dir"  was set but never used
  static uint8_t current_dir = 0;
../Core/Src/main.c(44): warning:  #550-D: variable "display_update"  was set but never used
  static uint8_t display_update = 1;
../Core/Src/main.c: 2 warnings, 0 errors
compiling usart.c...
compiling system_stm32f1xx.c...
compiling i2c.c...
compiling tim.c...
compiling stm32f1xx_hal_msp.c...
compiling stm32f1xx_it.c...
compiling oled.c...
compiling motor_control.c...
compiling oledfont.c...
compiling stm32f1xx_hal_gpio_ex.c...
compiling gpio.c...
compiling buzzer.c...
compiling bluetooth.c...
compiling stm32f1xx_hal_i2c.c...
compiling stm32f1xx_hal.c...
compiling stm32f1xx_hal_rcc_ex.c...
compiling stm32f1xx_hal_cortex.c...
compiling stm32f1xx_hal_gpio.c...
compiling stm32f1xx_hal_exti.c...
compiling stm32f1xx_hal_flash_ex.c...
compiling stm32f1xx_hal_pwr.c...
compiling stm32f1xx_hal_dma.c...
compiling stm32f1xx_hal_flash.c...
compiling stm32f1xx_hal_rcc.c...
compiling stm32f1xx_hal_tim_ex.c...
compiling stm32f1xx_hal_uart.c...
compiling stm32f1xx_hal_tim.c...
linking...
Program Size: Code=8944 RO-data=2400 RW-data=36 ZI-data=1860  
FromELF: creating hex file...
"lanyaxc\lanyaxc.axf" - 0 Error(s), 2 Warning(s).

<h2>Software Packages used:</h2>

Package Vendor: ARM
                https://www.keil.com/pack/ARM.CMSIS.6.3.0.pack
                ARM::CMSIS@6.3.0
                CMSIS (Common Microcontroller Software Interface Standard)
   * Component: CORE Version: 6.2.0

Package Vendor: Keil
                https://www.keil.com/pack/Keil.STM32F1xx_DFP.2.4.1.pack
                Keil::STM32F1xx_DFP@2.4.1
                STMicroelectronics STM32F1 Series Device Support, Drivers and Examples

<h2>Collection of Component include folders:</h2>
  ./RTE/_lanyaxc
  D:/keil5/AM/Packs/ARM/CMSIS/6.3.0/CMSIS/Core/Include
  D:/keil5/AM/Packs/Keil/STM32F1xx_DFP/2.4.1/Device/Include

<h2>Collection of Component Files used:</h2>

   * Component: ARM::CMSIS:CORE@6.2.0
      Include file:  CMSIS/Core/Include/tz_context.h
Build Time Elapsed:  00:00:03
</pre>
</body>
</html>
